// Jest Snapshot v1, https://goo.gl/fbAQLP

exports[`App Compomemt Test Cases Snapshot test 1`] = `ShallowWrapper {}`;
