// Jest Snapshot v1, https://goo.gl/fbAQLP

exports[`Generate Pin Compomemt Test Cases GeneratePin Snapshot test 1`] = `ReactWrapper {}`;
